../Core/Src/flight_algorithm.c:68:6:flight_algorithm_init	8	static
../Core/Src/flight_algorithm.c:76:6:flight_algorithm_reset	4	static
../Core/Src/flight_algorithm.c:99:6:flight_algorithm_update	32	static
../Core/Src/flight_algorithm.c:186:14:calculate_total_acceleration	16	static
../Core/Src/flight_algorithm.c:196:15:flight_algorithm_get_phase	4	static
../Core/Src/flight_algorithm.c:201:9:flight_algorithm_get_durum_verisi	4	static
../Core/Src/flight_algorithm.c:208:6:flight_algorithm_set_parameters	24	static
../Core/Src/flight_algorithm.c:219:10:flight_algorithm_get_start_time	4	static
